Vivado Simulator 2020.2
Copyright 1986-1999, 2001-2020 Xilinx, Inc. All Rights Reserved.
Running: E:/Xilinx/Vivado/2020.2/bin/unwrapped/win64.o/xelab.exe -wto 699f1030da76476baadf235fc829af7d --incr --debug typical --relax --mt 2 -L xil_defaultlib -L unisims_ver -L unimacro_ver -L secureip -L xpm --snapshot tb_top_level_behav xil_defaultlib.tb_top_level xil_defaultlib.glbl -log elaborate.log 
Using 2 slave threads.
Starting static elaboration
Pass Through NonSizing Optimizer
Completed static elaboration
Starting simulation data flow analysis
Completed simulation data flow analysis
Time Resolution for simulation is 1ps
Compiling package std.standard
Compiling package std.textio
Compiling package ieee.std_logic_1164
Compiling package ieee.std_logic_arith
Compiling package ieee.std_logic_unsigned
Compiling package ieee.numeric_std
Compiling package vl.vl_types
Compiling module xil_defaultlib.glbl
Compiling module unisims_ver.IBUF
Compiling module unisims_ver.PLLE2_ADV(CLKFBOUT_MULT=8,CLKIN1...
Compiling module unisims_ver.BUFG
Compiling module xil_defaultlib.clk_wiz_0_clk_wiz
Compiling module xil_defaultlib.clk_wiz_0
Compiling architecture behavioral of entity xil_defaultlib.rgb_sequencer [rgb_sequencer_default]
Compiling architecture behavioral of entity xil_defaultlib.counter_unit [\counter_unit(val_max=2)\]
Compiling architecture behavioral of entity xil_defaultlib.led_driver [\led_driver(toggle_delay=2)\]
Compiling architecture behavioral of entity xil_defaultlib.top_level [\top_level(toggle_delay=2)\]
Compiling architecture behavioral of entity xil_defaultlib.tb_top_level
Built simulation snapshot tb_top_level_behav
