
*** Running vivado
    with args -log tp_fsm.vds -m64 -product Vivado -mode batch -messageDb vivado.pb -notrace -source tp_fsm.tcl



****** Vivado v2020.2 (64-bit)
  **** SW Build 3064766 on Wed Nov 18 09:12:45 MST 2020
  **** IP Build 3064653 on Wed Nov 18 14:17:31 MST 2020
    ** Copyright 1986-2020 Xilinx, Inc. All Rights Reserved.

source tp_fsm.tcl -notrace
Command: synth_design -top tp_fsm -part xc7z010clg400-1
Starting synth_design
Attempting to get a license for feature 'Synthesis' and/or device 'xc7z010'
INFO: [Common 17-349] Got license for feature 'Synthesis' and/or device 'xc7z010'
INFO: [Device 21-403] Loading part xc7z010clg400-1
INFO: [Synth 8-7079] Multithreading enabled for synth_design using a maximum of 2 processes.
INFO: [Synth 8-7078] Launching helper process for spawning children vivado processes
INFO: [Synth 8-7075] Helper process launched with PID 36832
---------------------------------------------------------------------------------
Starting RTL Elaboration : Time (s): cpu = 00:00:05 ; elapsed = 00:00:06 . Memory (MB): peak = 1011.340 ; gain = 0.000
---------------------------------------------------------------------------------
INFO: [Synth 8-638] synthesizing module 'tp_fsm' [E:/Formation_FPGA_Expleo/FPGA_Core_Z7/FPGA_Cora_Z7/tp3_fsm/tp3_fsm.srcs/sources_1/imports/TP3__720__0/tp_fsm.vhd:20]
	Parameter TOGGLE_DELAY bound to: 100000000 - type: integer 
	Parameter TOGGLE_DELAY bound to: 100000000 - type: integer 
INFO: [Synth 8-3491] module 'cycle_counter' declared at 'E:/Formation_FPGA_Expleo/FPGA_Core_Z7/FPGA_Cora_Z7/tp3_fsm/tp3_fsm.srcs/sources_1/new/cycle_counter.vhd:7' bound to instance 'Counter' of component 'cycle_counter' [E:/Formation_FPGA_Expleo/FPGA_Core_Z7/FPGA_Cora_Z7/tp3_fsm/tp3_fsm.srcs/sources_1/imports/TP3__720__0/tp_fsm.vhd:52]
INFO: [Synth 8-638] synthesizing module 'cycle_counter' [E:/Formation_FPGA_Expleo/FPGA_Core_Z7/FPGA_Cora_Z7/tp3_fsm/tp3_fsm.srcs/sources_1/new/cycle_counter.vhd:22]
	Parameter TOGGLE_DELAY bound to: 100000000 - type: integer 
	Parameter VAL_MAX bound to: 100000000 - type: integer 
INFO: [Synth 8-3491] module 'counter_unit' declared at 'E:/Formation_FPGA_Expleo/FPGA_Core_Z7/FPGA_Cora_Z7/tp3_fsm/tp3_fsm.srcs/sources_1/imports/TP3__720__0/counter_unit.vhd:7' bound to instance 'counter' of component 'counter_unit' [E:/Formation_FPGA_Expleo/FPGA_Core_Z7/FPGA_Cora_Z7/tp3_fsm/tp3_fsm.srcs/sources_1/new/cycle_counter.vhd:44]
INFO: [Synth 8-638] synthesizing module 'counter_unit' [E:/Formation_FPGA_Expleo/FPGA_Core_Z7/FPGA_Cora_Z7/tp3_fsm/tp3_fsm.srcs/sources_1/imports/TP3__720__0/counter_unit.vhd:18]
	Parameter VAL_MAX bound to: 100000000 - type: integer 
INFO: [Synth 8-256] done synthesizing module 'counter_unit' (1#1) [E:/Formation_FPGA_Expleo/FPGA_Core_Z7/FPGA_Cora_Z7/tp3_fsm/tp3_fsm.srcs/sources_1/imports/TP3__720__0/counter_unit.vhd:18]
INFO: [Synth 8-256] done synthesizing module 'cycle_counter' (2#1) [E:/Formation_FPGA_Expleo/FPGA_Core_Z7/FPGA_Cora_Z7/tp3_fsm/tp3_fsm.srcs/sources_1/new/cycle_counter.vhd:22]
INFO: [Synth 8-226] default block is never used [E:/Formation_FPGA_Expleo/FPGA_Core_Z7/FPGA_Cora_Z7/tp3_fsm/tp3_fsm.srcs/sources_1/imports/TP3__720__0/tp_fsm.vhd:124]
INFO: [Synth 8-256] done synthesizing module 'tp_fsm' (3#1) [E:/Formation_FPGA_Expleo/FPGA_Core_Z7/FPGA_Cora_Z7/tp3_fsm/tp3_fsm.srcs/sources_1/imports/TP3__720__0/tp_fsm.vhd:20]
---------------------------------------------------------------------------------
Finished RTL Elaboration : Time (s): cpu = 00:00:06 ; elapsed = 00:00:08 . Memory (MB): peak = 1011.340 ; gain = 0.000
---------------------------------------------------------------------------------
---------------------------------------------------------------------------------
Start Handling Custom Attributes
---------------------------------------------------------------------------------
---------------------------------------------------------------------------------
Finished Handling Custom Attributes : Time (s): cpu = 00:00:07 ; elapsed = 00:00:08 . Memory (MB): peak = 1011.340 ; gain = 0.000
---------------------------------------------------------------------------------
---------------------------------------------------------------------------------
Finished RTL Optimization Phase 1 : Time (s): cpu = 00:00:07 ; elapsed = 00:00:08 . Memory (MB): peak = 1011.340 ; gain = 0.000
---------------------------------------------------------------------------------
Netlist sorting complete. Time (s): cpu = 00:00:00 ; elapsed = 00:00:00.001 . Memory (MB): peak = 1011.340 ; gain = 0.000
INFO: [Project 1-570] Preparing netlist for logic optimization

Processing XDC Constraints
Initializing timing engine
Parsing XDC File [E:/Formation_FPGA_Expleo/FPGA_Core_Z7/FPGA_Cora_Z7/tp3_fsm/tp3_fsm.srcs/constrs_1/imports/TP3__720__0/Cora-Z7-10-Master.xdc]
Finished Parsing XDC File [E:/Formation_FPGA_Expleo/FPGA_Core_Z7/FPGA_Cora_Z7/tp3_fsm/tp3_fsm.srcs/constrs_1/imports/TP3__720__0/Cora-Z7-10-Master.xdc]
INFO: [Project 1-236] Implementation specific constraints were found while reading constraint file [E:/Formation_FPGA_Expleo/FPGA_Core_Z7/FPGA_Cora_Z7/tp3_fsm/tp3_fsm.srcs/constrs_1/imports/TP3__720__0/Cora-Z7-10-Master.xdc]. These constraints will be ignored for synthesis but will be used in implementation. Impacted constraints are listed in the file [.Xil/tp_fsm_propImpl.xdc].
Resolution: To avoid this warning, move constraints listed in [.Xil/tp_fsm_propImpl.xdc] to another XDC file and exclude this new file from synthesis with the used_in_synthesis property (File Properties dialog in GUI) and re-run elaboration/synthesis.
Completed Processing XDC Constraints

Netlist sorting complete. Time (s): cpu = 00:00:00 ; elapsed = 00:00:00 . Memory (MB): peak = 1011.340 ; gain = 0.000
INFO: [Project 1-111] Unisim Transformation Summary:
No Unisim elements were transformed.

Constraint Validation Runtime : Time (s): cpu = 00:00:00 ; elapsed = 00:00:00.004 . Memory (MB): peak = 1011.340 ; gain = 0.000
---------------------------------------------------------------------------------
Finished Constraint Validation : Time (s): cpu = 00:00:14 ; elapsed = 00:00:15 . Memory (MB): peak = 1011.340 ; gain = 0.000
---------------------------------------------------------------------------------
---------------------------------------------------------------------------------
Start Loading Part and Timing Information
---------------------------------------------------------------------------------
Loading part: xc7z010clg400-1
---------------------------------------------------------------------------------
Finished Loading Part and Timing Information : Time (s): cpu = 00:00:14 ; elapsed = 00:00:15 . Memory (MB): peak = 1011.340 ; gain = 0.000
---------------------------------------------------------------------------------
---------------------------------------------------------------------------------
Start Applying 'set_property' XDC Constraints
---------------------------------------------------------------------------------
---------------------------------------------------------------------------------
Finished applying 'set_property' XDC Constraints : Time (s): cpu = 00:00:14 ; elapsed = 00:00:15 . Memory (MB): peak = 1011.340 ; gain = 0.000
---------------------------------------------------------------------------------
INFO: [Synth 8-802] inferred FSM for state register 'current_state_reg' in module 'tp_fsm'
---------------------------------------------------------------------------------------------------
                   State |                     New Encoding |                Previous Encoding 
---------------------------------------------------------------------------------------------------
                    idle |                               00 |                               00
                     red |                               01 |                               01
                    blue |                               10 |                               10
                   green |                               11 |                               11
---------------------------------------------------------------------------------------------------
INFO: [Synth 8-3354] encoded FSM with state register 'current_state_reg' using encoding 'sequential' in module 'tp_fsm'
---------------------------------------------------------------------------------
Finished RTL Optimization Phase 2 : Time (s): cpu = 00:00:14 ; elapsed = 00:00:16 . Memory (MB): peak = 1011.340 ; gain = 0.000
---------------------------------------------------------------------------------
---------------------------------------------------------------------------------
Start RTL Component Statistics 
---------------------------------------------------------------------------------
Detailed RTL Component Info : 
+---Adders : 
	   2 Input   28 Bit       Adders := 1     
	   2 Input    3 Bit       Adders := 1     
+---Registers : 
	               28 Bit    Registers := 1     
	                3 Bit    Registers := 1     
	                1 Bit    Registers := 1     
+---Muxes : 
	   2 Input    3 Bit        Muxes := 1     
	   4 Input    2 Bit        Muxes := 1     
	   2 Input    2 Bit        Muxes := 4     
	   2 Input    1 Bit        Muxes := 2     
	   4 Input    1 Bit        Muxes := 3     
---------------------------------------------------------------------------------
Finished RTL Component Statistics 
---------------------------------------------------------------------------------
---------------------------------------------------------------------------------
Start Part Resource Summary
---------------------------------------------------------------------------------
Part Resources:
DSPs: 80 (col length:40)
BRAMs: 120 (col length: RAMB18 40 RAMB36 20)
---------------------------------------------------------------------------------
Finished Part Resource Summary
---------------------------------------------------------------------------------
---------------------------------------------------------------------------------
Start Cross Boundary and Area Optimization
---------------------------------------------------------------------------------
---------------------------------------------------------------------------------
Finished Cross Boundary and Area Optimization : Time (s): cpu = 00:00:16 ; elapsed = 00:00:18 . Memory (MB): peak = 1011.340 ; gain = 0.000
---------------------------------------------------------------------------------
---------------------------------------------------------------------------------
Start Applying XDC Timing Constraints
---------------------------------------------------------------------------------
---------------------------------------------------------------------------------
Finished Applying XDC Timing Constraints : Time (s): cpu = 00:00:23 ; elapsed = 00:00:25 . Memory (MB): peak = 1011.340 ; gain = 0.000
---------------------------------------------------------------------------------
---------------------------------------------------------------------------------
Start Timing Optimization
---------------------------------------------------------------------------------
---------------------------------------------------------------------------------
Finished Timing Optimization : Time (s): cpu = 00:00:23 ; elapsed = 00:00:25 . Memory (MB): peak = 1011.340 ; gain = 0.000
---------------------------------------------------------------------------------
---------------------------------------------------------------------------------
Start Technology Mapping
---------------------------------------------------------------------------------
---------------------------------------------------------------------------------
Finished Technology Mapping : Time (s): cpu = 00:00:23 ; elapsed = 00:00:25 . Memory (MB): peak = 1011.559 ; gain = 0.219
---------------------------------------------------------------------------------
---------------------------------------------------------------------------------
Start IO Insertion
---------------------------------------------------------------------------------
---------------------------------------------------------------------------------
Start Flattening Before IO Insertion
---------------------------------------------------------------------------------
---------------------------------------------------------------------------------
Finished Flattening Before IO Insertion
---------------------------------------------------------------------------------
---------------------------------------------------------------------------------
Start Final Netlist Cleanup
---------------------------------------------------------------------------------
---------------------------------------------------------------------------------
Finished Final Netlist Cleanup
---------------------------------------------------------------------------------
---------------------------------------------------------------------------------
Finished IO Insertion : Time (s): cpu = 00:00:27 ; elapsed = 00:00:29 . Memory (MB): peak = 1018.348 ; gain = 7.008
---------------------------------------------------------------------------------
---------------------------------------------------------------------------------
Start Renaming Generated Instances
---------------------------------------------------------------------------------
---------------------------------------------------------------------------------
Finished Renaming Generated Instances : Time (s): cpu = 00:00:27 ; elapsed = 00:00:29 . Memory (MB): peak = 1018.348 ; gain = 7.008
---------------------------------------------------------------------------------
---------------------------------------------------------------------------------
Start Rebuilding User Hierarchy
---------------------------------------------------------------------------------
---------------------------------------------------------------------------------
Finished Rebuilding User Hierarchy : Time (s): cpu = 00:00:27 ; elapsed = 00:00:29 . Memory (MB): peak = 1018.348 ; gain = 7.008
---------------------------------------------------------------------------------
---------------------------------------------------------------------------------
Start Renaming Generated Ports
---------------------------------------------------------------------------------
---------------------------------------------------------------------------------
Finished Renaming Generated Ports : Time (s): cpu = 00:00:27 ; elapsed = 00:00:29 . Memory (MB): peak = 1018.348 ; gain = 7.008
---------------------------------------------------------------------------------
---------------------------------------------------------------------------------
Start Handling Custom Attributes
---------------------------------------------------------------------------------
---------------------------------------------------------------------------------
Finished Handling Custom Attributes : Time (s): cpu = 00:00:27 ; elapsed = 00:00:29 . Memory (MB): peak = 1018.348 ; gain = 7.008
---------------------------------------------------------------------------------
---------------------------------------------------------------------------------
Start Renaming Generated Nets
---------------------------------------------------------------------------------
---------------------------------------------------------------------------------
Finished Renaming Generated Nets : Time (s): cpu = 00:00:27 ; elapsed = 00:00:29 . Memory (MB): peak = 1018.348 ; gain = 7.008
---------------------------------------------------------------------------------
---------------------------------------------------------------------------------
Start Writing Synthesis Report
---------------------------------------------------------------------------------

Report BlackBoxes: 
+-+--------------+----------+
| |BlackBox name |Instances |
+-+--------------+----------+
+-+--------------+----------+

Report Cell Usage: 
+------+-------+------+
|      |Cell   |Count |
+------+-------+------+
|1     |BUFG   |     1|
|2     |CARRY4 |     7|
|3     |LUT1   |     1|
|4     |LUT2   |    30|
|5     |LUT3   |     2|
|6     |LUT4   |     7|
|7     |LUT5   |     6|
|8     |FDCE   |    33|
|9     |IBUF   |     3|
|10    |OBUF   |     3|
+------+-------+------+
---------------------------------------------------------------------------------
Finished Writing Synthesis Report : Time (s): cpu = 00:00:27 ; elapsed = 00:00:29 . Memory (MB): peak = 1018.348 ; gain = 7.008
---------------------------------------------------------------------------------
Synthesis finished with 0 errors, 0 critical warnings and 0 warnings.
Synthesis Optimization Runtime : Time (s): cpu = 00:00:18 ; elapsed = 00:00:27 . Memory (MB): peak = 1018.348 ; gain = 7.008
Synthesis Optimization Complete : Time (s): cpu = 00:00:27 ; elapsed = 00:00:29 . Memory (MB): peak = 1018.348 ; gain = 7.008
INFO: [Project 1-571] Translating synthesized netlist
Netlist sorting complete. Time (s): cpu = 00:00:00 ; elapsed = 00:00:00 . Memory (MB): peak = 1018.348 ; gain = 0.000
INFO: [Netlist 29-17] Analyzing 7 Unisim elements for replacement
INFO: [Netlist 29-28] Unisim Transformation completed in 0 CPU seconds
INFO: [Project 1-570] Preparing netlist for logic optimization
INFO: [Opt 31-138] Pushed 0 inverter(s) to 0 load pin(s).
Netlist sorting complete. Time (s): cpu = 00:00:00 ; elapsed = 00:00:00 . Memory (MB): peak = 1026.203 ; gain = 0.000
INFO: [Project 1-111] Unisim Transformation Summary:
No Unisim elements were transformed.

INFO: [Common 17-83] Releasing license: Synthesis
26 Infos, 0 Warnings, 0 Critical Warnings and 0 Errors encountered.
synth_design completed successfully
synth_design: Time (s): cpu = 00:00:33 ; elapsed = 00:00:37 . Memory (MB): peak = 1026.203 ; gain = 14.863
INFO: [Common 17-1381] The checkpoint 'E:/Formation_FPGA_Expleo/FPGA_Core_Z7/FPGA_Cora_Z7/tp3_fsm/tp3_fsm.runs/synth_1/tp_fsm.dcp' has been generated.
INFO: [runtcl-4] Executing : report_utilization -file tp_fsm_utilization_synth.rpt -pb tp_fsm_utilization_synth.pb
INFO: [Common 17-206] Exiting Vivado at Wed Jul 15 12:05:28 2026...
