
*** Running vivado
    with args -log top_level.vds -m64 -product Vivado -mode batch -messageDb vivado.pb -notrace -source top_level.tcl



****** Vivado v2020.2 (64-bit)
  **** SW Build 3064766 on Wed Nov 18 09:12:45 MST 2020
  **** IP Build 3064653 on Wed Nov 18 14:17:31 MST 2020
    ** Copyright 1986-2020 Xilinx, Inc. All Rights Reserved.

source top_level.tcl -notrace
Command: synth_design -top top_level -part xc7z010clg400-1
Starting synth_design
Attempting to get a license for feature 'Synthesis' and/or device 'xc7z010'
INFO: [Common 17-349] Got license for feature 'Synthesis' and/or device 'xc7z010'
INFO: [Device 21-403] Loading part xc7z010clg400-1
INFO: [Synth 8-7079] Multithreading enabled for synth_design using a maximum of 2 processes.
INFO: [Synth 8-7078] Launching helper process for spawning children vivado processes
INFO: [Synth 8-7075] Helper process launched with PID 25392
---------------------------------------------------------------------------------
Starting RTL Elaboration : Time (s): cpu = 00:00:05 ; elapsed = 00:00:05 . Memory (MB): peak = 990.246 ; gain = 0.000
---------------------------------------------------------------------------------
INFO: [Synth 8-638] synthesizing module 'top_level' [E:/Formation_FPGA_Expleo/FPGA_Core_Z7/FPGA_Cora_Z7/tp5_crossing_clks_domains/tp5_crossing_clks_domains.srcs/sources_1/new/top_level.vhd:27]
	Parameter TOGGLE_DELAY bound to: 99999999 - type: integer 
INFO: [Synth 8-3491] module 'clk_wiz_0' declared at 'E:/Formation_FPGA_Expleo/FPGA_Core_Z7/FPGA_Cora_Z7/tp5_crossing_clks_domains/tp5_crossing_clks_domains.runs/synth_1/.Xil/Vivado-21880-LAPTOP-TTJ7O25R/realtime/clk_wiz_0_stub.v:5' bound to instance 'Instance_PLL' of component 'clk_wiz_0' [E:/Formation_FPGA_Expleo/FPGA_Core_Z7/FPGA_Cora_Z7/tp5_crossing_clks_domains/tp5_crossing_clks_domains.srcs/sources_1/new/top_level.vhd:104]
INFO: [Synth 8-6157] synthesizing module 'clk_wiz_0' [E:/Formation_FPGA_Expleo/FPGA_Core_Z7/FPGA_Cora_Z7/tp5_crossing_clks_domains/tp5_crossing_clks_domains.runs/synth_1/.Xil/Vivado-21880-LAPTOP-TTJ7O25R/realtime/clk_wiz_0_stub.v:5]
INFO: [Synth 8-6155] done synthesizing module 'clk_wiz_0' (1#1) [E:/Formation_FPGA_Expleo/FPGA_Core_Z7/FPGA_Cora_Z7/tp5_crossing_clks_domains/tp5_crossing_clks_domains.runs/synth_1/.Xil/Vivado-21880-LAPTOP-TTJ7O25R/realtime/clk_wiz_0_stub.v:5]
INFO: [Synth 8-3491] module 'rgb_sequencer' declared at 'E:/Formation_FPGA_Expleo/FPGA_Core_Z7/FPGA_Cora_Z7/tp5_crossing_clks_domains/tp5_crossing_clks_domains.srcs/sources_1/new/rgb_sequencer.vhd:5' bound to instance 'Instance_RGB_Sequencer' of component 'rgb_sequencer' [E:/Formation_FPGA_Expleo/FPGA_Core_Z7/FPGA_Cora_Z7/tp5_crossing_clks_domains/tp5_crossing_clks_domains.srcs/sources_1/new/top_level.vhd:159]
INFO: [Synth 8-638] synthesizing module 'rgb_sequencer' [E:/Formation_FPGA_Expleo/FPGA_Core_Z7/FPGA_Cora_Z7/tp5_crossing_clks_domains/tp5_crossing_clks_domains.srcs/sources_1/new/rgb_sequencer.vhd:17]
INFO: [Synth 8-256] done synthesizing module 'rgb_sequencer' (2#1) [E:/Formation_FPGA_Expleo/FPGA_Core_Z7/FPGA_Cora_Z7/tp5_crossing_clks_domains/tp5_crossing_clks_domains.srcs/sources_1/new/rgb_sequencer.vhd:17]
	Parameter TOGGLE_DELAY bound to: 99999999 - type: integer 
INFO: [Synth 8-3491] module 'led_driver' declared at 'E:/Formation_FPGA_Expleo/FPGA_Core_Z7/FPGA_Cora_Z7/tp5_crossing_clks_domains/tp5_crossing_clks_domains.srcs/sources_1/imports/TP5/led_driver.vhd:6' bound to instance 'Instance_LED_Driver_0' of component 'led_driver' [E:/Formation_FPGA_Expleo/FPGA_Core_Z7/FPGA_Cora_Z7/tp5_crossing_clks_domains/tp5_crossing_clks_domains.srcs/sources_1/new/top_level.vhd:169]
INFO: [Synth 8-638] synthesizing module 'led_driver' [E:/Formation_FPGA_Expleo/FPGA_Core_Z7/FPGA_Cora_Z7/tp5_crossing_clks_domains/tp5_crossing_clks_domains.srcs/sources_1/imports/TP5/led_driver.vhd:22]
	Parameter TOGGLE_DELAY bound to: 99999999 - type: integer 
	Parameter VAL_MAX bound to: 99999999 - type: integer 
INFO: [Synth 8-3491] module 'counter_unit' declared at 'E:/Formation_FPGA_Expleo/FPGA_Core_Z7/FPGA_Cora_Z7/tp5_crossing_clks_domains/tp5_crossing_clks_domains.srcs/sources_1/imports/TP5/counter_unit.vhd:7' bound to instance 'Counter' of component 'counter_unit' [E:/Formation_FPGA_Expleo/FPGA_Core_Z7/FPGA_Cora_Z7/tp5_crossing_clks_domains/tp5_crossing_clks_domains.srcs/sources_1/imports/TP5/led_driver.vhd:47]
INFO: [Synth 8-638] synthesizing module 'counter_unit' [E:/Formation_FPGA_Expleo/FPGA_Core_Z7/FPGA_Cora_Z7/tp5_crossing_clks_domains/tp5_crossing_clks_domains.srcs/sources_1/imports/TP5/counter_unit.vhd:18]
	Parameter VAL_MAX bound to: 99999999 - type: integer 
INFO: [Synth 8-256] done synthesizing module 'counter_unit' (3#1) [E:/Formation_FPGA_Expleo/FPGA_Core_Z7/FPGA_Cora_Z7/tp5_crossing_clks_domains/tp5_crossing_clks_domains.srcs/sources_1/imports/TP5/counter_unit.vhd:18]
INFO: [Synth 8-226] default block is never used [E:/Formation_FPGA_Expleo/FPGA_Core_Z7/FPGA_Cora_Z7/tp5_crossing_clks_domains/tp5_crossing_clks_domains.srcs/sources_1/imports/TP5/led_driver.vhd:89]
INFO: [Synth 8-256] done synthesizing module 'led_driver' (4#1) [E:/Formation_FPGA_Expleo/FPGA_Core_Z7/FPGA_Cora_Z7/tp5_crossing_clks_domains/tp5_crossing_clks_domains.srcs/sources_1/imports/TP5/led_driver.vhd:22]
	Parameter TOGGLE_DELAY bound to: 99999999 - type: integer 
INFO: [Synth 8-3491] module 'led_driver' declared at 'E:/Formation_FPGA_Expleo/FPGA_Core_Z7/FPGA_Cora_Z7/tp5_crossing_clks_domains/tp5_crossing_clks_domains.srcs/sources_1/imports/TP5/led_driver.vhd:6' bound to instance 'Instance_LED_Driver_1' of component 'led_driver' [E:/Formation_FPGA_Expleo/FPGA_Core_Z7/FPGA_Cora_Z7/tp5_crossing_clks_domains/tp5_crossing_clks_domains.srcs/sources_1/new/top_level.vhd:185]
INFO: [Synth 8-256] done synthesizing module 'top_level' (5#1) [E:/Formation_FPGA_Expleo/FPGA_Core_Z7/FPGA_Cora_Z7/tp5_crossing_clks_domains/tp5_crossing_clks_domains.srcs/sources_1/new/top_level.vhd:27]
---------------------------------------------------------------------------------
Finished RTL Elaboration : Time (s): cpu = 00:00:06 ; elapsed = 00:00:07 . Memory (MB): peak = 990.246 ; gain = 0.000
---------------------------------------------------------------------------------
---------------------------------------------------------------------------------
Start Handling Custom Attributes
---------------------------------------------------------------------------------
---------------------------------------------------------------------------------
Finished Handling Custom Attributes : Time (s): cpu = 00:00:06 ; elapsed = 00:00:07 . Memory (MB): peak = 990.246 ; gain = 0.000
---------------------------------------------------------------------------------
---------------------------------------------------------------------------------
Finished RTL Optimization Phase 1 : Time (s): cpu = 00:00:06 ; elapsed = 00:00:07 . Memory (MB): peak = 990.246 ; gain = 0.000
---------------------------------------------------------------------------------
Netlist sorting complete. Time (s): cpu = 00:00:00 ; elapsed = 00:00:00.002 . Memory (MB): peak = 990.246 ; gain = 0.000
INFO: [Project 1-570] Preparing netlist for logic optimization

Processing XDC Constraints
Initializing timing engine
Parsing XDC File [e:/Formation_FPGA_Expleo/FPGA_Core_Z7/FPGA_Cora_Z7/tp5_crossing_clks_domains/tp5_crossing_clks_domains.gen/sources_1/ip/clk_wiz_0/clk_wiz_0/clk_wiz_0_in_context.xdc] for cell 'Instance_PLL'
Finished Parsing XDC File [e:/Formation_FPGA_Expleo/FPGA_Core_Z7/FPGA_Cora_Z7/tp5_crossing_clks_domains/tp5_crossing_clks_domains.gen/sources_1/ip/clk_wiz_0/clk_wiz_0/clk_wiz_0_in_context.xdc] for cell 'Instance_PLL'
Parsing XDC File [E:/Formation_FPGA_Expleo/FPGA_Core_Z7/FPGA_Cora_Z7/tp5_crossing_clks_domains/tp5_crossing_clks_domains.srcs/constrs_1/imports/TP5/Cora-Z7-10-Master.xdc]
Finished Parsing XDC File [E:/Formation_FPGA_Expleo/FPGA_Core_Z7/FPGA_Cora_Z7/tp5_crossing_clks_domains/tp5_crossing_clks_domains.srcs/constrs_1/imports/TP5/Cora-Z7-10-Master.xdc]
INFO: [Project 1-236] Implementation specific constraints were found while reading constraint file [E:/Formation_FPGA_Expleo/FPGA_Core_Z7/FPGA_Cora_Z7/tp5_crossing_clks_domains/tp5_crossing_clks_domains.srcs/constrs_1/imports/TP5/Cora-Z7-10-Master.xdc]. These constraints will be ignored for synthesis but will be used in implementation. Impacted constraints are listed in the file [.Xil/top_level_propImpl.xdc].
Resolution: To avoid this warning, move constraints listed in [.Xil/top_level_propImpl.xdc] to another XDC file and exclude this new file from synthesis with the used_in_synthesis property (File Properties dialog in GUI) and re-run elaboration/synthesis.
Completed Processing XDC Constraints

Netlist sorting complete. Time (s): cpu = 00:00:00 ; elapsed = 00:00:00 . Memory (MB): peak = 1014.949 ; gain = 0.000
INFO: [Project 1-111] Unisim Transformation Summary:
No Unisim elements were transformed.

Constraint Validation Runtime : Time (s): cpu = 00:00:00 ; elapsed = 00:00:00.007 . Memory (MB): peak = 1014.949 ; gain = 0.000
---------------------------------------------------------------------------------
Finished Constraint Validation : Time (s): cpu = 00:00:13 ; elapsed = 00:00:14 . Memory (MB): peak = 1014.949 ; gain = 24.703
---------------------------------------------------------------------------------
---------------------------------------------------------------------------------
Start Loading Part and Timing Information
---------------------------------------------------------------------------------
Loading part: xc7z010clg400-1
---------------------------------------------------------------------------------
Finished Loading Part and Timing Information : Time (s): cpu = 00:00:13 ; elapsed = 00:00:14 . Memory (MB): peak = 1014.949 ; gain = 24.703
---------------------------------------------------------------------------------
---------------------------------------------------------------------------------
Start Applying 'set_property' XDC Constraints
---------------------------------------------------------------------------------
Applied set_property IO_BUFFER_TYPE = NONE for sys_clk. (constraint file  e:/Formation_FPGA_Expleo/FPGA_Core_Z7/FPGA_Cora_Z7/tp5_crossing_clks_domains/tp5_crossing_clks_domains.gen/sources_1/ip/clk_wiz_0/clk_wiz_0/clk_wiz_0_in_context.xdc, line 4).
Applied set_property CLOCK_BUFFER_TYPE = NONE for sys_clk. (constraint file  e:/Formation_FPGA_Expleo/FPGA_Core_Z7/FPGA_Cora_Z7/tp5_crossing_clks_domains/tp5_crossing_clks_domains.gen/sources_1/ip/clk_wiz_0/clk_wiz_0/clk_wiz_0_in_context.xdc, line 5).
Applied set_property KEEP_HIERARCHY = SOFT for Instance_PLL. (constraint file  auto generated constraint).
---------------------------------------------------------------------------------
Finished applying 'set_property' XDC Constraints : Time (s): cpu = 00:00:13 ; elapsed = 00:00:15 . Memory (MB): peak = 1014.949 ; gain = 24.703
---------------------------------------------------------------------------------
INFO: [Synth 8-802] inferred FSM for state register 'current_state_reg' in module 'rgb_sequencer'
---------------------------------------------------------------------------------------------------
                   State |                     New Encoding |                Previous Encoding 
---------------------------------------------------------------------------------------------------
                     red |                              001 |                               00
                    blue |                              010 |                               10
                   green |                              100 |                               01
---------------------------------------------------------------------------------------------------
INFO: [Synth 8-3354] encoded FSM with state register 'current_state_reg' using encoding 'one-hot' in module 'rgb_sequencer'
---------------------------------------------------------------------------------
Finished RTL Optimization Phase 2 : Time (s): cpu = 00:00:13 ; elapsed = 00:00:15 . Memory (MB): peak = 1014.949 ; gain = 24.703
---------------------------------------------------------------------------------
---------------------------------------------------------------------------------
Start RTL Component Statistics 
---------------------------------------------------------------------------------
Detailed RTL Component Info : 
+---Adders : 
	   2 Input   28 Bit       Adders := 2     
	   2 Input    4 Bit       Adders := 2     
+---Registers : 
	               28 Bit    Registers := 2     
	                4 Bit    Registers := 2     
	                2 Bit    Registers := 3     
	                1 Bit    Registers := 9     
+---Muxes : 
	   2 Input    4 Bit        Muxes := 2     
	   3 Input    2 Bit        Muxes := 1     
	   2 Input    1 Bit        Muxes := 11    
---------------------------------------------------------------------------------
Finished RTL Component Statistics 
---------------------------------------------------------------------------------
---------------------------------------------------------------------------------
Start Part Resource Summary
---------------------------------------------------------------------------------
Part Resources:
DSPs: 80 (col length:40)
BRAMs: 120 (col length: RAMB18 40 RAMB36 20)
---------------------------------------------------------------------------------
Finished Part Resource Summary
---------------------------------------------------------------------------------
---------------------------------------------------------------------------------
Start Cross Boundary and Area Optimization
---------------------------------------------------------------------------------
---------------------------------------------------------------------------------
Finished Cross Boundary and Area Optimization : Time (s): cpu = 00:00:16 ; elapsed = 00:00:18 . Memory (MB): peak = 1014.949 ; gain = 24.703
---------------------------------------------------------------------------------
---------------------------------------------------------------------------------
Start Applying XDC Timing Constraints
---------------------------------------------------------------------------------
---------------------------------------------------------------------------------
Finished Applying XDC Timing Constraints : Time (s): cpu = 00:00:23 ; elapsed = 00:00:25 . Memory (MB): peak = 1014.949 ; gain = 24.703
---------------------------------------------------------------------------------
---------------------------------------------------------------------------------
Start Timing Optimization
---------------------------------------------------------------------------------
---------------------------------------------------------------------------------
Finished Timing Optimization : Time (s): cpu = 00:00:23 ; elapsed = 00:00:25 . Memory (MB): peak = 1021.348 ; gain = 31.102
---------------------------------------------------------------------------------
---------------------------------------------------------------------------------
Start Technology Mapping
---------------------------------------------------------------------------------
---------------------------------------------------------------------------------
Finished Technology Mapping : Time (s): cpu = 00:00:23 ; elapsed = 00:00:26 . Memory (MB): peak = 1022.012 ; gain = 31.766
---------------------------------------------------------------------------------
---------------------------------------------------------------------------------
Start IO Insertion
---------------------------------------------------------------------------------
---------------------------------------------------------------------------------
Start Flattening Before IO Insertion
---------------------------------------------------------------------------------
---------------------------------------------------------------------------------
Finished Flattening Before IO Insertion
---------------------------------------------------------------------------------
---------------------------------------------------------------------------------
Start Final Netlist Cleanup
---------------------------------------------------------------------------------
---------------------------------------------------------------------------------
Finished Final Netlist Cleanup
---------------------------------------------------------------------------------
---------------------------------------------------------------------------------
Finished IO Insertion : Time (s): cpu = 00:00:27 ; elapsed = 00:00:29 . Memory (MB): peak = 1027.781 ; gain = 37.535
---------------------------------------------------------------------------------
---------------------------------------------------------------------------------
Start Renaming Generated Instances
---------------------------------------------------------------------------------
---------------------------------------------------------------------------------
Finished Renaming Generated Instances : Time (s): cpu = 00:00:27 ; elapsed = 00:00:29 . Memory (MB): peak = 1027.781 ; gain = 37.535
---------------------------------------------------------------------------------
---------------------------------------------------------------------------------
Start Rebuilding User Hierarchy
---------------------------------------------------------------------------------
---------------------------------------------------------------------------------
Finished Rebuilding User Hierarchy : Time (s): cpu = 00:00:27 ; elapsed = 00:00:29 . Memory (MB): peak = 1027.781 ; gain = 37.535
---------------------------------------------------------------------------------
---------------------------------------------------------------------------------
Start Renaming Generated Ports
---------------------------------------------------------------------------------
---------------------------------------------------------------------------------
Finished Renaming Generated Ports : Time (s): cpu = 00:00:27 ; elapsed = 00:00:29 . Memory (MB): peak = 1027.781 ; gain = 37.535
---------------------------------------------------------------------------------
---------------------------------------------------------------------------------
Start Handling Custom Attributes
---------------------------------------------------------------------------------
---------------------------------------------------------------------------------
Finished Handling Custom Attributes : Time (s): cpu = 00:00:27 ; elapsed = 00:00:29 . Memory (MB): peak = 1027.781 ; gain = 37.535
---------------------------------------------------------------------------------
---------------------------------------------------------------------------------
Start Renaming Generated Nets
---------------------------------------------------------------------------------
---------------------------------------------------------------------------------
Finished Renaming Generated Nets : Time (s): cpu = 00:00:27 ; elapsed = 00:00:29 . Memory (MB): peak = 1027.781 ; gain = 37.535
---------------------------------------------------------------------------------
---------------------------------------------------------------------------------
Start Writing Synthesis Report
---------------------------------------------------------------------------------

Report BlackBoxes: 
+------+--------------+----------+
|      |BlackBox name |Instances |
+------+--------------+----------+
|1     |clk_wiz_0     |         1|
+------+--------------+----------+

Report Cell Usage: 
+------+--------+------+
|      |Cell    |Count |
+------+--------+------+
|1     |clk_wiz |     1|
|2     |CARRY4  |    14|
|3     |LUT1    |     4|
|4     |LUT2    |     7|
|5     |LUT3    |     8|
|6     |LUT4    |    69|
|7     |LUT5    |     7|
|8     |LUT6    |     3|
|9     |FDCE    |    76|
|10    |FDPE    |     4|
|11    |FDRE    |     1|
|12    |IBUF    |     1|
|13    |OBUF    |     8|
+------+--------+------+
---------------------------------------------------------------------------------
Finished Writing Synthesis Report : Time (s): cpu = 00:00:27 ; elapsed = 00:00:29 . Memory (MB): peak = 1027.781 ; gain = 37.535
---------------------------------------------------------------------------------
Synthesis finished with 0 errors, 0 critical warnings and 0 warnings.
Synthesis Optimization Runtime : Time (s): cpu = 00:00:19 ; elapsed = 00:00:27 . Memory (MB): peak = 1027.781 ; gain = 12.832
Synthesis Optimization Complete : Time (s): cpu = 00:00:27 ; elapsed = 00:00:29 . Memory (MB): peak = 1027.781 ; gain = 37.535
INFO: [Project 1-571] Translating synthesized netlist
Netlist sorting complete. Time (s): cpu = 00:00:00 ; elapsed = 00:00:00.002 . Memory (MB): peak = 1039.855 ; gain = 0.000
INFO: [Netlist 29-17] Analyzing 14 Unisim elements for replacement
INFO: [Netlist 29-28] Unisim Transformation completed in 0 CPU seconds
INFO: [Project 1-570] Preparing netlist for logic optimization
INFO: [Opt 31-138] Pushed 0 inverter(s) to 0 load pin(s).
Netlist sorting complete. Time (s): cpu = 00:00:00 ; elapsed = 00:00:00 . Memory (MB): peak = 1043.090 ; gain = 0.000
INFO: [Project 1-111] Unisim Transformation Summary:
No Unisim elements were transformed.

INFO: [Common 17-83] Releasing license: Synthesis
33 Infos, 0 Warnings, 0 Critical Warnings and 0 Errors encountered.
synth_design completed successfully
synth_design: Time (s): cpu = 00:00:33 ; elapsed = 00:00:37 . Memory (MB): peak = 1043.090 ; gain = 52.844
INFO: [Common 17-1381] The checkpoint 'E:/Formation_FPGA_Expleo/FPGA_Core_Z7/FPGA_Cora_Z7/tp5_crossing_clks_domains/tp5_crossing_clks_domains.runs/synth_1/top_level.dcp' has been generated.
INFO: [runtcl-4] Executing : report_utilization -file top_level_utilization_synth.rpt -pb top_level_utilization_synth.pb
INFO: [Common 17-206] Exiting Vivado at Thu Aug 27 00:36:43 2026...
