#-----------------------------------------------------------
# Vivado v2020.2 (64-bit)
# SW Build 3064766 on Wed Nov 18 09:12:45 MST 2020
# IP Build 3064653 on Wed Nov 18 14:17:31 MST 2020
# Start of session at: Thu Jul  2 14:40:08 2026
# Process ID: 32548
# Current directory: E:/Formation_FPGA_Expleo/FPGA_Core_Z7/FPGA_Cora_Z7/FPGA_CoreZ7_Project
# Command line: vivado.exe -gui_launcher_event rodinguilauncherevent14172 E:\Formation_FPGA_Expleo\FPGA_Core_Z7\FPGA_Cora_Z7\FPGA_CoreZ7_Project\FPGA_CoreZ7_Project.xpr
# Log file: E:/Formation_FPGA_Expleo/FPGA_Core_Z7/FPGA_Cora_Z7/FPGA_CoreZ7_Project/vivado.log
# Journal file: E:/Formation_FPGA_Expleo/FPGA_Core_Z7/FPGA_Cora_Z7/FPGA_CoreZ7_Project\vivado.jou
#-----------------------------------------------------------
start_gui
open_project E:/Formation_FPGA_Expleo/FPGA_Core_Z7/FPGA_Cora_Z7/FPGA_CoreZ7_Project/FPGA_CoreZ7_Project.xpr
Scanning sources...
Finished scanning sources
INFO: [IP_Flow 19-234] Refreshing IP repositories
INFO: [IP_Flow 19-1704] No user IP repositories specified
INFO: [IP_Flow 19-2313] Loaded Vivado IP repository 'E:/Xilinx/Vivado/2020.2/data/ip'.
open_project: Time (s): cpu = 00:00:24 ; elapsed = 00:00:10 . Memory (MB): peak = 1010.781 ; gain = 0.000
update_compile_order -fileset sources_1
open_run synth_1 -name synth_1
Design is defaulting to impl run constrset: constrs_1
Design is defaulting to synth run part: xc7z010clg400-1
INFO: [Device 21-403] Loading part xc7z010clg400-1
Netlist sorting complete. Time (s): cpu = 00:00:00 ; elapsed = 00:00:00.001 . Memory (MB): peak = 1010.781 ; gain = 0.000
INFO: [Project 1-479] Netlist was created with Vivado 2020.2
INFO: [Project 1-570] Preparing netlist for logic optimization
Parsing XDC File [E:/Formation_FPGA_Expleo/FPGA_Core_Z7/FPGA_Cora_Z7/FPGA_CoreZ7_Project/FPGA_CoreZ7_Project.srcs/constrs_1/new/constr_test_carte.xdc]
WARNING: [Vivado 12-584] No ports matched 'led1'. [E:/Formation_FPGA_Expleo/FPGA_Core_Z7/FPGA_Cora_Z7/FPGA_CoreZ7_Project/FPGA_CoreZ7_Project.srcs/constrs_1/new/constr_test_carte.xdc:1]
CRITICAL WARNING: [Common 17-55] 'set_property' expects at least one object. [E:/Formation_FPGA_Expleo/FPGA_Core_Z7/FPGA_Cora_Z7/FPGA_CoreZ7_Project/FPGA_CoreZ7_Project.srcs/constrs_1/new/constr_test_carte.xdc:1]
Resolution: If [get_<value>] was used to populate the object, check to make sure this command returns at least one valid object.
WARNING: [Vivado 12-584] No ports matched 'btn1'. [E:/Formation_FPGA_Expleo/FPGA_Core_Z7/FPGA_Cora_Z7/FPGA_CoreZ7_Project/FPGA_CoreZ7_Project.srcs/constrs_1/new/constr_test_carte.xdc:2]
CRITICAL WARNING: [Common 17-55] 'set_property' expects at least one object. [E:/Formation_FPGA_Expleo/FPGA_Core_Z7/FPGA_Cora_Z7/FPGA_CoreZ7_Project/FPGA_CoreZ7_Project.srcs/constrs_1/new/constr_test_carte.xdc:2]
Resolution: If [get_<value>] was used to populate the object, check to make sure this command returns at least one valid object.
Finished Parsing XDC File [E:/Formation_FPGA_Expleo/FPGA_Core_Z7/FPGA_Cora_Z7/FPGA_CoreZ7_Project/FPGA_CoreZ7_Project.srcs/constrs_1/new/constr_test_carte.xdc]
INFO: [Opt 31-138] Pushed 0 inverter(s) to 0 load pin(s).
Netlist sorting complete. Time (s): cpu = 00:00:00 ; elapsed = 00:00:00 . Memory (MB): peak = 1097.367 ; gain = 0.000
INFO: [Project 1-111] Unisim Transformation Summary:
No Unisim elements were transformed.

open_run: Time (s): cpu = 00:00:27 ; elapsed = 00:00:17 . Memory (MB): peak = 1337.164 ; gain = 326.383
launch_runs impl_1 -jobs 4
INFO: [Timing 38-480] Writing timing data to binary archive.
[Thu Jul  2 14:41:58 2026] Launched impl_1...
Run output will be captured here: E:/Formation_FPGA_Expleo/FPGA_Core_Z7/FPGA_Cora_Z7/FPGA_CoreZ7_Project/FPGA_CoreZ7_Project.runs/impl_1/runme.log
reset_run impl_1
launch_runs impl_1 -jobs 4
INFO: [Timing 38-480] Writing timing data to binary archive.
[Thu Jul  2 14:42:26 2026] Launched impl_1...
Run output will be captured here: E:/Formation_FPGA_Expleo/FPGA_Core_Z7/FPGA_Cora_Z7/FPGA_CoreZ7_Project/FPGA_CoreZ7_Project.runs/impl_1/runme.log
reset_run impl_1
launch_runs impl_1 -jobs 4
INFO: [Timing 38-480] Writing timing data to binary archive.
[Thu Jul  2 14:44:37 2026] Launched impl_1...
Run output will be captured here: E:/Formation_FPGA_Expleo/FPGA_Core_Z7/FPGA_Cora_Z7/FPGA_CoreZ7_Project/FPGA_CoreZ7_Project.runs/impl_1/runme.log
reset_run impl_1
launch_runs impl_1 -jobs 4 -scripts_only
INFO: [Timing 38-480] Writing timing data to binary archive.
reset_run impl_1
launch_runs impl_1 -jobs 4 -scripts_only
INFO: [Timing 38-480] Writing timing data to binary archive.
reset_run synth_1
launch_runs synth_1 -jobs 4
[Thu Jul  2 14:50:43 2026] Launched synth_1...
Run output will be captured here: E:/Formation_FPGA_Expleo/FPGA_Core_Z7/FPGA_Cora_Z7/FPGA_CoreZ7_Project/FPGA_CoreZ7_Project.runs/synth_1/runme.log
launch_runs impl_1 -jobs 4
WARNING: [Project 1-478] Design 'synth_1' is stale and will not be used when launching 'impl_1'
[Thu Jul  2 14:50:56 2026] Launched synth_1...
Run output will be captured here: E:/Formation_FPGA_Expleo/FPGA_Core_Z7/FPGA_Cora_Z7/FPGA_CoreZ7_Project/FPGA_CoreZ7_Project.runs/synth_1/runme.log
[Thu Jul  2 14:50:56 2026] Launched impl_1...
Run output will be captured here: E:/Formation_FPGA_Expleo/FPGA_Core_Z7/FPGA_Cora_Z7/FPGA_CoreZ7_Project/FPGA_CoreZ7_Project.runs/impl_1/runme.log
reset_run synth_1
WARNING: [Vivado 12-1017] Problems encountered:
1. Failed to delete one or more files in run directory E:/Formation_FPGA_Expleo/FPGA_Core_Z7/FPGA_Cora_Z7/FPGA_CoreZ7_Project/FPGA_CoreZ7_Project.runs/synth_1

launch_runs synth_1 -jobs 4
[Thu Jul  2 14:51:25 2026] Launched synth_1...
Run output will be captured here: E:/Formation_FPGA_Expleo/FPGA_Core_Z7/FPGA_Cora_Z7/FPGA_CoreZ7_Project/FPGA_CoreZ7_Project.runs/synth_1/runme.log
reset_run synth_1
launch_runs synth_1 -jobs 4 -scripts_only
launch_runs impl_1 -jobs 4 -scripts_only
WARNING: [Project 1-478] Design 'synth_1' is stale and will not be used when launching 'impl_1'
reset_run synth_1
launch_runs synth_1 -jobs 4
[Thu Jul  2 14:54:55 2026] Launched synth_1...
Run output will be captured here: E:/Formation_FPGA_Expleo/FPGA_Core_Z7/FPGA_Cora_Z7/FPGA_CoreZ7_Project/FPGA_CoreZ7_Project.runs/synth_1/runme.log
launch_runs impl_1 -jobs 4
WARNING: [Project 1-478] Design 'synth_1' is stale and will not be used when launching 'impl_1'
[Thu Jul  2 14:57:00 2026] Launched impl_1...
Run output will be captured here: E:/Formation_FPGA_Expleo/FPGA_Core_Z7/FPGA_Cora_Z7/FPGA_CoreZ7_Project/FPGA_CoreZ7_Project.runs/impl_1/runme.log
open_hw_manager
open_hw_manager: Time (s): cpu = 00:00:11 ; elapsed = 00:00:09 . Memory (MB): peak = 2341.293 ; gain = 0.000
connect_hw_server -allow_non_jtag
INFO: [Labtools 27-2285] Connecting to hw_server url TCP:localhost:3121
INFO: [Labtools 27-2222] Launching hw_server...
INFO: [Labtools 27-2221] Launch Output:

****** Xilinx hw_server v2020.2
  **** Build date : Nov 18 2020 at 10:01:48
    ** Copyright 1986-2020 Xilinx, Inc. All Rights Reserved.


INFO: [Labtools 27-3415] Connecting to cs_server url TCP:localhost:3042
INFO: [Labtools 27-3417] Launching cs_server...
INFO: [Labtools 27-2221] Launch Output:


******** Xilinx cs_server v2020.2
  ****** Build date   : Nov 03 2020-22:02:56
    **** Build number : 2020.2.1604437376
      ** Copyright 2017-2020 Xilinx, Inc. All Rights Reserved.



connect_hw_server: Time (s): cpu = 00:00:04 ; elapsed = 00:00:29 . Memory (MB): peak = 2341.293 ; gain = 0.000
open_hw_target
INFO: [Labtoolstcl 44-466] Opening hw_target localhost:3121/xilinx_tcf/Digilent/210370AD5262A
open_hw_target: Time (s): cpu = 00:00:14 ; elapsed = 00:00:25 . Memory (MB): peak = 3359.254 ; gain = 1017.961
current_hw_device [get_hw_devices xc7z010_1]
refresh_hw_device -update_hw_probes false [lindex [get_hw_devices xc7z010_1] 0]
INFO: [Labtools 27-1435] Device xc7z010 (JTAG device index = 1) is not programmed (DONE status = 0).
open_run impl_1
Netlist sorting complete. Time (s): cpu = 00:00:00 ; elapsed = 00:00:00.005 . Memory (MB): peak = 3383.660 ; gain = 0.000
INFO: [Project 1-479] Netlist was created with Vivado 2020.2
INFO: [Project 1-570] Preparing netlist for logic optimization
INFO: [Timing 38-478] Restoring timing data from binary archive.
INFO: [Timing 38-479] Binary timing data restore complete.
INFO: [Project 1-856] Restoring constraints from binary archive.
INFO: [Project 1-853] Binary constraint restore complete.
Reading XDEF placement.
Reading placer database...
Reading XDEF routing.
Read XDEF File: Time (s): cpu = 00:00:01 ; elapsed = 00:00:00.933 . Memory (MB): peak = 3508.723 ; gain = 0.000
Restored from archive | CPU: 1.000000 secs | Memory: 0.000000 MB |
Finished XDEF File Restore: Time (s): cpu = 00:00:01 ; elapsed = 00:00:00.967 . Memory (MB): peak = 3508.723 ; gain = 0.000
Netlist sorting complete. Time (s): cpu = 00:00:00 ; elapsed = 00:00:00 . Memory (MB): peak = 3508.723 ; gain = 0.000
INFO: [Project 1-111] Unisim Transformation Summary:
No Unisim elements were transformed.

open_run: Time (s): cpu = 00:00:17 ; elapsed = 00:00:26 . Memory (MB): peak = 3622.508 ; gain = 259.719
WARNING: [Timing 38-313] There are no user specified timing constraints. Timing constraints are needed for proper timing analysis.
current_design synth_1
open_bd_design {E:/Formation_FPGA_Expleo/FPGA_Core_Z7/FPGA_Cora_Z7/FPGA_CoreZ7_Project/FPGA_CoreZ7_Project.srcs/sources_1/bd/design_1/design_1.bd}
Reading block design file <E:/Formation_FPGA_Expleo/FPGA_Core_Z7/FPGA_Cora_Z7/FPGA_CoreZ7_Project/FPGA_CoreZ7_Project.srcs/sources_1/bd/design_1/design_1.bd>...
Successfully read diagram <design_1> from block design file <E:/Formation_FPGA_Expleo/FPGA_Core_Z7/FPGA_Cora_Z7/FPGA_CoreZ7_Project/FPGA_CoreZ7_Project.srcs/sources_1/bd/design_1/design_1.bd>
open_bd_design: Time (s): cpu = 00:00:04 ; elapsed = 00:00:07 . Memory (MB): peak = 3737.879 ; gain = 1.770
launch_runs impl_1 -to_step write_bitstream -jobs 4
[Thu Jul  2 15:09:46 2026] Launched impl_1...
Run output will be captured here: E:/Formation_FPGA_Expleo/FPGA_Core_Z7/FPGA_Cora_Z7/FPGA_CoreZ7_Project/FPGA_CoreZ7_Project.runs/impl_1/runme.log
ERROR: [Labtoolstcl 44-513] HW Target shutdown. Closing target: localhost:3121/xilinx_tcf/Digilent/210370AD5262A
