#-----------------------------------------------------------
# Webtalk v2020.2 (64-bit)
# SW Build 3064766 on Wed Nov 18 09:12:45 MST 2020
# IP Build 3064653 on Wed Nov 18 14:17:31 MST 2020
# Start of session at: Mon Jul  6 12:03:28 2026
# Process ID: 19916
# Current directory: E:/Formation_FPGA_Expleo/FPGA_Core_Z7/FPGA_Cora_Z7/tp2_compteur/tp2_compteur.sim/sim_1/behav/xsim
# Command line: wbtcv.exe -mode batch -source E:/Formation_FPGA_Expleo/FPGA_Core_Z7/FPGA_Cora_Z7/tp2_compteur/tp2_compteur.sim/sim_1/behav/xsim/xsim.dir/tb_counter_behav/webtalk/xsim_webtalk.tcl -notrace
# Log file: E:/Formation_FPGA_Expleo/FPGA_Core_Z7/FPGA_Cora_Z7/tp2_compteur/tp2_compteur.sim/sim_1/behav/xsim/webtalk.log
# Journal file: E:/Formation_FPGA_Expleo/FPGA_Core_Z7/FPGA_Cora_Z7/tp2_compteur/tp2_compteur.sim/sim_1/behav/xsim\webtalk.jou
#-----------------------------------------------------------
source E:/Formation_FPGA_Expleo/FPGA_Core_Z7/FPGA_Cora_Z7/tp2_compteur/tp2_compteur.sim/sim_1/behav/xsim/xsim.dir/tb_counter_behav/webtalk/xsim_webtalk.tcl -notrace
