Vivado Simulator 2020.2
Copyright 1986-1999, 2001-2020 Xilinx, Inc. All Rights Reserved.
Running: E:/Xilinx/Vivado/2020.2/bin/unwrapped/win64.o/xelab.exe -wto 5ff2f60a6df24e1da40cbb0e34613a47 --incr --debug typical --relax --mt 2 -L xil_defaultlib -L secureip --snapshot tb_tp_fsm_behav xil_defaultlib.tb_tp_fsm -log elaborate.log 
Using 2 slave threads.
Starting static elaboration
Completed static elaboration
Starting simulation data flow analysis
Completed simulation data flow analysis
Time Resolution for simulation is 1ps
Compiling package std.standard
Compiling package std.textio
Compiling package ieee.std_logic_1164
Compiling package ieee.std_logic_arith
Compiling package ieee.std_logic_unsigned
Compiling package ieee.numeric_std
Compiling architecture behavioral of entity xil_defaultlib.counter_unit [\counter_unit(val_max=2)\]
Compiling architecture behavioral of entity xil_defaultlib.cycle_counter [\cycle_counter(toggle_delay=2)\]
Compiling architecture behavioral of entity xil_defaultlib.tp_fsm [\tp_fsm(toggle_delay=2)\]
Compiling architecture behavioral of entity xil_defaultlib.tb_tp_fsm
Built simulation snapshot tb_tp_fsm_behav
