Vivado Simulator 2020.2
Time resolution is 1 ps
Note: - INFO - LED Rouge active par defaut
Time: 85 ns  Iteration: 3  Process: /tb_top_level/stimulus  File: E:/Formation_FPGA_Expleo/FPGA_Core_Z7/FPGA_Cora_Z7/project_2/project_2.srcs/sim_1/new/tb_top_level.vhd
Error: - ERREUR - Echec passage a la LED Verte
Time: 385 ns  Iteration: 3  Process: /tb_top_level/stimulus  File: E:/Formation_FPGA_Expleo/FPGA_Core_Z7/FPGA_Cora_Z7/project_2/project_2.srcs/sim_1/new/tb_top_level.vhd
Note: - INFO - OK : Changement vers LED Verte reussi
Time: 385 ns  Iteration: 3  Process: /tb_top_level/stimulus  File: E:/Formation_FPGA_Expleo/FPGA_Core_Z7/FPGA_Cora_Z7/project_2/project_2.srcs/sim_1/new/tb_top_level.vhd
Note: - INFO - OK : Filtre anti-maintien (detecteur de front) valide
Time: 595 ns  Iteration: 0  Process: /tb_top_level/stimulus  File: E:/Formation_FPGA_Expleo/FPGA_Core_Z7/FPGA_Cora_Z7/project_2/project_2.srcs/sim_1/new/tb_top_level.vhd
Error: - ERREUR - Echec passage a la LED Bleue
Time: 785 ns  Iteration: 3  Process: /tb_top_level/stimulus  File: E:/Formation_FPGA_Expleo/FPGA_Core_Z7/FPGA_Cora_Z7/project_2/project_2.srcs/sim_1/new/tb_top_level.vhd
Note: - INFO - OK : Changement vers LED Bleue reussi
Time: 785 ns  Iteration: 3  Process: /tb_top_level/stimulus  File: E:/Formation_FPGA_Expleo/FPGA_Core_Z7/FPGA_Cora_Z7/project_2/project_2.srcs/sim_1/new/tb_top_level.vhd
Error: - ERREUR - Sequence multiple : 1ere couleur (Vert) incorrecte
Time: 1085 ns  Iteration: 3  Process: /tb_top_level/stimulus  File: E:/Formation_FPGA_Expleo/FPGA_Core_Z7/FPGA_Cora_Z7/project_2/project_2.srcs/sim_1/new/tb_top_level.vhd
Note: - INFO - OK : Sequence multiple, 1ere couleur (Vert) correcte
Time: 1085 ns  Iteration: 3  Process: /tb_top_level/stimulus  File: E:/Formation_FPGA_Expleo/FPGA_Core_Z7/FPGA_Cora_Z7/project_2/project_2.srcs/sim_1/new/tb_top_level.vhd
Error: - ERREUR - Sequence multiple : 2eme couleur (Bleu) incorrecte
Time: 1165 ns  Iteration: 0  Process: /tb_top_level/stimulus  File: E:/Formation_FPGA_Expleo/FPGA_Core_Z7/FPGA_Cora_Z7/project_2/project_2.srcs/sim_1/new/tb_top_level.vhd
Note: - INFO - OK : Sequence multiple, 2eme couleur (Bleu) correcte
Time: 1165 ns  Iteration: 0  Process: /tb_top_level/stimulus  File: E:/Formation_FPGA_Expleo/FPGA_Core_Z7/FPGA_Cora_Z7/project_2/project_2.srcs/sim_1/new/tb_top_level.vhd
Error: - ERREUR - Sequence multiple : 3eme couleur (Vert) incorrecte
Time: 1245 ns  Iteration: 0  Process: /tb_top_level/stimulus  File: E:/Formation_FPGA_Expleo/FPGA_Core_Z7/FPGA_Cora_Z7/project_2/project_2.srcs/sim_1/new/tb_top_level.vhd
Note: - INFO - OK : Sequence multiple, 3eme couleur (Vert) correcte
Time: 1245 ns  Iteration: 0  Process: /tb_top_level/stimulus  File: E:/Formation_FPGA_Expleo/FPGA_Core_Z7/FPGA_Cora_Z7/project_2/project_2.srcs/sim_1/new/tb_top_level.vhd
Note: - INFO - OK : Retour au Rouge par defaut confirme, FIFO bien videe
Time: 1325 ns  Iteration: 0  Process: /tb_top_level/stimulus  File: E:/Formation_FPGA_Expleo/FPGA_Core_Z7/FPGA_Cora_Z7/project_2/project_2.srcs/sim_1/new/tb_top_level.vhd
Note: - SIMULATION TERMINEE AVEC SUCCES -
Time: 1325 ns  Iteration: 0  Process: /tb_top_level/stimulus  File: E:/Formation_FPGA_Expleo/FPGA_Core_Z7/FPGA_Cora_Z7/project_2/project_2.srcs/sim_1/new/tb_top_level.vhd
